// Jest Snapshot v1, https://goo.gl/fbAQLP

exports[`clear TOC and Frontmatter from docs-ts export should clear TOC and Frontmatter from docs-ts export 1`] = `
"## index overview

Entry points of the library.

Added in v0.0.0


# compound

## union

Creates a compound query using 'UNION'

**Signature**

\`\`\`ts
export declare const union: <
  C extends SelectStatement<
    any,
    any,
    any
  >,
  CS extends SelectStatement<
    any,
    any,
    any
  >[]
>(
  content: [C, ...CS]
) => Compound<
  | (C extends SelectStatement<
      infer With,
      infer Scope,
      infer Selection
    >
      ? Selection
      : never)
  | (CS[number] extends SelectStatement<
      infer With,
      infer Scope,
      infer Selection
    >
      ? Selection
      : never),
  C extends SelectStatement<
    infer With,
    infer Scope,
    infer Selection
  >
    ? Selection
    : never
>;
\`\`\`"
`;
